// Jest Snapshot v1, https://goo.gl/fbAQLP

exports[`Square Should show the text 1`] = `
<button
  class="square"
>
  test_value
</button>
`;
